https://www.elections.tn.gov.in/Form21E_TNLA2026/dt1/AC001.pdf
https://www.elections.tn.gov.in/Form21E_TNLA2026/dt1/AC002.pdf
https://www.elections.tn.gov.in/Form21E_TNLA2026/dt1/AC003.pdf
https://www.elections.tn.gov.in/Form21E_TNLA2026/dt1/AC004.pdf
https://www.elections.tn.gov.in/Form21E_TNLA2026/dt1/AC005.pdf
https://www.elections.tn.gov.in/Form21E_TNLA2026/dt1/AC006.pdf
https://www.elections.tn.gov.in/Form21E_TNLA2026/dt1/AC007.pdf
https://www.elections.tn.gov.in/Form21E_TNLA2026/dt1/AC008.pdf
https://www.elections.tn.gov.in/Form21E_TNLA2026/dt1/AC009.pdf
https://www.elections.tn.gov.in/Form21E_TNLA2026/dt1/AC010.pdf
https://www.elections.tn.gov.in/Form21E_TNLA2026/dt2/AC011.pdf
https://www.elections.tn.gov.in/Form21E_TNLA2026/dt2/AC012.pdf
https://www.elections.tn.gov.in/Form21E_TNLA2026/dt2/AC013.pdf
https://www.elections.tn.gov.in/Form21E_TNLA2026/dt2/AC014.pdf
https://www.elections.tn.gov.in/Form21E_TNLA2026/dt2/AC015.pdf
https://www.elections.tn.gov.in/Form21E_TNLA2026/dt2/AC016.pdf
https://www.elections.tn.gov.in/Form21E_TNLA2026/dt2/AC017.pdf
https://www.elections.tn.gov.in/Form21E_TNLA2026/dt2/AC018.pdf
https://www.elections.tn.gov.in/Form21E_TNLA2026/dt2/AC019.pdf
https://www.elections.tn.gov.in/Form21E_TNLA2026/dt2/AC020.pdf
https://www.elections.tn.gov.in/Form21E_TNLA2026/dt2/AC021.pdf
https://www.elections.tn.gov.in/Form21E_TNLA2026/dt2/AC022.pdf
https://www.elections.tn.gov.in/Form21E_TNLA2026/dt2/AC023.pdf
https://www.elections.tn.gov.in/Form21E_TNLA2026/dt2/AC024.pdf
https://www.elections.tn.gov.in/Form21E_TNLA2026/dt2/AC025.pdf
https://www.elections.tn.gov.in/Form21E_TNLA2026/dt2/AC026.pdf
https://www.elections.tn.gov.in/Form21E_TNLA2026/dt3/AC028.pdf
https://www.elections.tn.gov.in/Form21E_TNLA2026/dt3/AC029.pdf
https://www.elections.tn.gov.in/Form21E_TNLA2026/dt3/AC036.pdf
https://www.elections.tn.gov.in/Form21E_TNLA2026/dt3/AC037.pdf
https://www.elections.tn.gov.in/Form21E_TNLA2026/dt4/AC040.pdf
https://www.elections.tn.gov.in/Form21E_TNLA2026/dt4/AC043.pdf
https://www.elections.tn.gov.in/Form21E_TNLA2026/dt4/AC044.pdf
https://www.elections.tn.gov.in/Form21E_TNLA2026/dt4/AC045.pdf
https://www.elections.tn.gov.in/Form21E_TNLA2026/dt4/AC046.pdf
https://www.elections.tn.gov.in/Form21E_TNLA2026/dt5/AC051.pdf
https://www.elections.tn.gov.in/Form21E_TNLA2026/dt5/AC052.pdf
https://www.elections.tn.gov.in/Form21E_TNLA2026/dt5/AC053.pdf
https://www.elections.tn.gov.in/Form21E_TNLA2026/dt5/AC054.pdf
https://www.elections.tn.gov.in/Form21E_TNLA2026/dt5/AC055.pdf
https://www.elections.tn.gov.in/Form21E_TNLA2026/dt5/AC056.pdf
https://www.elections.tn.gov.in/Form21E_TNLA2026/dt6/AC057.pdf
https://www.elections.tn.gov.in/Form21E_TNLA2026/dt6/AC058.pdf
https://www.elections.tn.gov.in/Form21E_TNLA2026/dt6/AC059.pdf
https://www.elections.tn.gov.in/Form21E_TNLA2026/dt6/AC060.pdf
https://www.elections.tn.gov.in/Form21E_TNLA2026/dt6/AC061.pdf
https://www.elections.tn.gov.in/Form21E_TNLA2026/dt7/AC062.pdf
https://www.elections.tn.gov.in/Form21E_TNLA2026/dt7/AC063.pdf
https://www.elections.tn.gov.in/Form21E_TNLA2026/dt7/AC064.pdf
https://www.elections.tn.gov.in/Form21E_TNLA2026/dt7/AC065.pdf
https://www.elections.tn.gov.in/Form21E_TNLA2026/dt7/AC066.pdf
https://www.elections.tn.gov.in/Form21E_TNLA2026/dt7/AC067.pdf
https://www.elections.tn.gov.in/Form21E_TNLA2026/dt7/AC068.pdf
https://www.elections.tn.gov.in/Form21E_TNLA2026/dt7/AC069.pdf
https://www.elections.tn.gov.in/Form21E_TNLA2026/dt8/AC070.pdf
https://www.elections.tn.gov.in/Form21E_TNLA2026/dt8/AC071.pdf
https://www.elections.tn.gov.in/Form21E_TNLA2026/dt8/AC072.pdf
https://www.elections.tn.gov.in/Form21E_TNLA2026/dt8/AC073.pdf
https://www.elections.tn.gov.in/Form21E_TNLA2026/dt8/AC074.pdf
https://www.elections.tn.gov.in/Form21E_TNLA2026/dt8/AC075.pdf
https://www.elections.tn.gov.in/Form21E_TNLA2026/dt8/AC076.pdf
https://www.elections.tn.gov.in/Form21E_TNLA2026/dt9/AC081.pdf
https://www.elections.tn.gov.in/Form21E_TNLA2026/dt9/AC082.pdf
https://www.elections.tn.gov.in/Form21E_TNLA2026/dt9/AC083.pdf
https://www.elections.tn.gov.in/Form21E_TNLA2026/dt9/AC084.pdf
https://www.elections.tn.gov.in/Form21E_TNLA2026/dt9/AC085.pdf
https://www.elections.tn.gov.in/Form21E_TNLA2026/dt9/AC086.pdf
https://www.elections.tn.gov.in/Form21E_TNLA2026/dt9/AC087.pdf
https://www.elections.tn.gov.in/Form21E_TNLA2026/dt9/AC088.pdf
https://www.elections.tn.gov.in/Form21E_TNLA2026/dt9/AC089.pdf
https://www.elections.tn.gov.in/Form21E_TNLA2026/dt9/AC090.pdf
https://www.elections.tn.gov.in/Form21E_TNLA2026/dt9/AC091.pdf
https://www.elections.tn.gov.in/Form21E_TNLA2026/dt10/AC092.pdf
https://www.elections.tn.gov.in/Form21E_TNLA2026/dt10/AC093.pdf
https://www.elections.tn.gov.in/Form21E_TNLA2026/dt10/AC094.pdf
https://www.elections.tn.gov.in/Form21E_TNLA2026/dt10/AC095.pdf
https://www.elections.tn.gov.in/Form21E_TNLA2026/dt10/AC096.pdf
https://www.elections.tn.gov.in/Form21E_TNLA2026/dt10/AC097.pdf
https://www.elections.tn.gov.in/Form21E_TNLA2026/dt11/AC098.pdf
https://www.elections.tn.gov.in/Form21E_TNLA2026/dt11/AC099.pdf
https://www.elections.tn.gov.in/Form21E_TNLA2026/dt11/AC100.pdf
https://www.elections.tn.gov.in/Form21E_TNLA2026/dt11/AC103.pdf
https://www.elections.tn.gov.in/Form21E_TNLA2026/dt11/AC104.pdf
https://www.elections.tn.gov.in/Form21E_TNLA2026/dt11/AC105.pdf
https://www.elections.tn.gov.in/Form21E_TNLA2026/dt11/AC106.pdf
https://www.elections.tn.gov.in/Form21E_TNLA2026/dt11/AC107.pdf
https://www.elections.tn.gov.in/Form21E_TNLA2026/dt12/AC108.pdf
https://www.elections.tn.gov.in/Form21E_TNLA2026/dt12/AC109.pdf
https://www.elections.tn.gov.in/Form21E_TNLA2026/dt12/AC110.pdf
https://www.elections.tn.gov.in/Form21E_TNLA2026/dt13/AC111.pdf
https://www.elections.tn.gov.in/Form21E_TNLA2026/dt13/AC116.pdf
https://www.elections.tn.gov.in/Form21E_TNLA2026/dt13/AC117.pdf
https://www.elections.tn.gov.in/Form21E_TNLA2026/dt13/AC118.pdf
https://www.elections.tn.gov.in/Form21E_TNLA2026/dt13/AC119.pdf
https://www.elections.tn.gov.in/Form21E_TNLA2026/dt13/AC120.pdf
https://www.elections.tn.gov.in/Form21E_TNLA2026/dt13/AC121.pdf
https://www.elections.tn.gov.in/Form21E_TNLA2026/dt13/AC122.pdf
https://www.elections.tn.gov.in/Form21E_TNLA2026/dt13/AC123.pdf
https://www.elections.tn.gov.in/Form21E_TNLA2026/dt13/AC124.pdf
https://www.elections.tn.gov.in/Form21E_TNLA2026/dt14/AC127.pdf
https://www.elections.tn.gov.in/Form21E_TNLA2026/dt14/AC128.pdf
https://www.elections.tn.gov.in/Form21E_TNLA2026/dt14/AC129.pdf
https://www.elections.tn.gov.in/Form21E_TNLA2026/dt14/AC130.pdf
https://www.elections.tn.gov.in/Form21E_TNLA2026/dt14/AC131.pdf
https://www.elections.tn.gov.in/Form21E_TNLA2026/dt14/AC132.pdf
https://www.elections.tn.gov.in/Form21E_TNLA2026/dt14/AC133.pdf
https://www.elections.tn.gov.in/Form21E_TNLA2026/dt15/AC134.pdf
https://www.elections.tn.gov.in/Form21E_TNLA2026/dt15/AC135.pdf
https://www.elections.tn.gov.in/Form21E_TNLA2026/dt15/AC136.pdf
https://www.elections.tn.gov.in/Form21E_TNLA2026/dt15/AC137.pdf
https://www.elections.tn.gov.in/Form21E_TNLA2026/dt16/AC138.pdf
https://www.elections.tn.gov.in/Form21E_TNLA2026/dt16/AC139.pdf
https://www.elections.tn.gov.in/Form21E_TNLA2026/dt16/AC140.pdf
https://www.elections.tn.gov.in/Form21E_TNLA2026/dt16/AC141.pdf
https://www.elections.tn.gov.in/Form21E_TNLA2026/dt16/AC142.pdf
https://www.elections.tn.gov.in/Form21E_TNLA2026/dt16/AC143.pdf
https://www.elections.tn.gov.in/Form21E_TNLA2026/dt16/AC144.pdf
https://www.elections.tn.gov.in/Form21E_TNLA2026/dt16/AC145.pdf
https://www.elections.tn.gov.in/Form21E_TNLA2026/dt16/AC146.pdf
https://www.elections.tn.gov.in/Form21E_TNLA2026/dt17/AC147.pdf
https://www.elections.tn.gov.in/Form21E_TNLA2026/dt17/AC148.pdf
https://www.elections.tn.gov.in/Form21E_TNLA2026/dt18/AC151.pdf
https://www.elections.tn.gov.in/Form21E_TNLA2026/dt18/AC152.pdf
https://www.elections.tn.gov.in/Form21E_TNLA2026/dt18/AC153.pdf
https://www.elections.tn.gov.in/Form21E_TNLA2026/dt18/AC154.pdf
https://www.elections.tn.gov.in/Form21E_TNLA2026/dt18/AC155.pdf
https://www.elections.tn.gov.in/Form21E_TNLA2026/dt18/AC156.pdf
https://www.elections.tn.gov.in/Form21E_TNLA2026/dt18/AC157.pdf
https://www.elections.tn.gov.in/Form21E_TNLA2026/dt18/AC158.pdf
https://www.elections.tn.gov.in/Form21E_TNLA2026/dt18/AC159.pdf
https://www.elections.tn.gov.in/Form21E_TNLA2026/dt19/AC163.pdf
https://www.elections.tn.gov.in/Form21E_TNLA2026/dt19/AC164.pdf
https://www.elections.tn.gov.in/Form21E_TNLA2026/dt19/AC165.pdf
https://www.elections.tn.gov.in/Form21E_TNLA2026/dt20/AC166.pdf
https://www.elections.tn.gov.in/Form21E_TNLA2026/dt20/AC167.pdf
https://www.elections.tn.gov.in/Form21E_TNLA2026/dt20/AC168.pdf
https://www.elections.tn.gov.in/Form21E_TNLA2026/dt20/AC169.pdf
https://www.elections.tn.gov.in/Form21E_TNLA2026/dt21/AC170.pdf
https://www.elections.tn.gov.in/Form21E_TNLA2026/dt21/AC171.pdf
https://www.elections.tn.gov.in/Form21E_TNLA2026/dt21/AC172.pdf
https://www.elections.tn.gov.in/Form21E_TNLA2026/dt21/AC173.pdf
https://www.elections.tn.gov.in/Form21E_TNLA2026/dt21/AC174.pdf
https://www.elections.tn.gov.in/Form21E_TNLA2026/dt21/AC175.pdf
https://www.elections.tn.gov.in/Form21E_TNLA2026/dt21/AC176.pdf
https://www.elections.tn.gov.in/Form21E_TNLA2026/dt21/AC177.pdf
https://www.elections.tn.gov.in/Form21E_TNLA2026/dt22/AC178.pdf
https://www.elections.tn.gov.in/Form21E_TNLA2026/dt22/AC179.pdf
https://www.elections.tn.gov.in/Form21E_TNLA2026/dt22/AC180.pdf
https://www.elections.tn.gov.in/Form21E_TNLA2026/dt22/AC181.pdf
https://www.elections.tn.gov.in/Form21E_TNLA2026/dt22/AC182.pdf
https://www.elections.tn.gov.in/Form21E_TNLA2026/dt22/AC183.pdf
https://www.elections.tn.gov.in/Form21E_TNLA2026/dt23/AC184.pdf
https://www.elections.tn.gov.in/Form21E_TNLA2026/dt23/AC185.pdf
https://www.elections.tn.gov.in/Form21E_TNLA2026/dt23/AC186.pdf
https://www.elections.tn.gov.in/Form21E_TNLA2026/dt23/AC187.pdf
https://www.elections.tn.gov.in/Form21E_TNLA2026/dt24/AC188.pdf
https://www.elections.tn.gov.in/Form21E_TNLA2026/dt24/AC189.pdf
https://www.elections.tn.gov.in/Form21E_TNLA2026/dt24/AC190.pdf
https://www.elections.tn.gov.in/Form21E_TNLA2026/dt24/AC191.pdf
https://www.elections.tn.gov.in/Form21E_TNLA2026/dt24/AC192.pdf
https://www.elections.tn.gov.in/Form21E_TNLA2026/dt24/AC193.pdf
https://www.elections.tn.gov.in/Form21E_TNLA2026/dt24/AC194.pdf
https://www.elections.tn.gov.in/Form21E_TNLA2026/dt24/AC195.pdf
https://www.elections.tn.gov.in/Form21E_TNLA2026/dt24/AC196.pdf
https://www.elections.tn.gov.in/Form21E_TNLA2026/dt24/AC197.pdf
https://www.elections.tn.gov.in/Form21E_TNLA2026/dt25/AC198.pdf
https://www.elections.tn.gov.in/Form21E_TNLA2026/dt25/AC199.pdf
https://www.elections.tn.gov.in/Form21E_TNLA2026/dt25/AC200.pdf
https://www.elections.tn.gov.in/Form21E_TNLA2026/dt25/AC201.pdf
https://www.elections.tn.gov.in/Form21E_TNLA2026/dt26/AC202.pdf
https://www.elections.tn.gov.in/Form21E_TNLA2026/dt26/AC203.pdf
https://www.elections.tn.gov.in/Form21E_TNLA2026/dt26/AC204.pdf
https://www.elections.tn.gov.in/Form21E_TNLA2026/dt26/AC205.pdf
https://www.elections.tn.gov.in/Form21E_TNLA2026/dt26/AC206.pdf
https://www.elections.tn.gov.in/Form21E_TNLA2026/dt26/AC207.pdf
https://www.elections.tn.gov.in/Form21E_TNLA2026/dt26/AC208.pdf
https://www.elections.tn.gov.in/Form21E_TNLA2026/dt27/AC209.pdf
https://www.elections.tn.gov.in/Form21E_TNLA2026/dt27/AC210.pdf
https://www.elections.tn.gov.in/Form21E_TNLA2026/dt27/AC211.pdf
https://www.elections.tn.gov.in/Form21E_TNLA2026/dt27/AC212.pdf
https://www.elections.tn.gov.in/Form21E_TNLA2026/dt28/AC213.pdf
https://www.elections.tn.gov.in/Form21E_TNLA2026/dt28/AC214.pdf
https://www.elections.tn.gov.in/Form21E_TNLA2026/dt28/AC215.pdf
https://www.elections.tn.gov.in/Form21E_TNLA2026/dt28/AC216.pdf
https://www.elections.tn.gov.in/Form21E_TNLA2026/dt28/AC217.pdf
https://www.elections.tn.gov.in/Form21E_TNLA2026/dt28/AC218.pdf
https://www.elections.tn.gov.in/Form21E_TNLA2026/dt29/AC224.pdf
https://www.elections.tn.gov.in/Form21E_TNLA2026/dt29/AC225.pdf
https://www.elections.tn.gov.in/Form21E_TNLA2026/dt29/AC226.pdf
https://www.elections.tn.gov.in/Form21E_TNLA2026/dt29/AC227.pdf
https://www.elections.tn.gov.in/Form21E_TNLA2026/dt29/AC228.pdf
https://www.elections.tn.gov.in/Form21E_TNLA2026/dt30/AC229.pdf
https://www.elections.tn.gov.in/Form21E_TNLA2026/dt30/AC230.pdf
https://www.elections.tn.gov.in/Form21E_TNLA2026/dt30/AC231.pdf
https://www.elections.tn.gov.in/Form21E_TNLA2026/dt30/AC232.pdf
https://www.elections.tn.gov.in/Form21E_TNLA2026/dt30/AC233.pdf
https://www.elections.tn.gov.in/Form21E_TNLA2026/dt30/AC234.pdf
https://www.elections.tn.gov.in/Form21E_TNLA2026/dt31/AC149.pdf
https://www.elections.tn.gov.in/Form21E_TNLA2026/dt31/AC150.pdf
https://www.elections.tn.gov.in/Form21E_TNLA2026/dt32/AC101.pdf
https://www.elections.tn.gov.in/Form21E_TNLA2026/dt32/AC102.pdf
https://www.elections.tn.gov.in/Form21E_TNLA2026/dt32/AC112.pdf
https://www.elections.tn.gov.in/Form21E_TNLA2026/dt32/AC113.pdf
https://www.elections.tn.gov.in/Form21E_TNLA2026/dt32/AC114.pdf
https://www.elections.tn.gov.in/Form21E_TNLA2026/dt32/AC115.pdf
https://www.elections.tn.gov.in/Form21E_TNLA2026/dt32/AC125.pdf
https://www.elections.tn.gov.in/Form21E_TNLA2026/dt32/AC126.pdf
https://www.elections.tn.gov.in/Form21E_TNLA2026/dt33/AC077.pdf
https://www.elections.tn.gov.in/Form21E_TNLA2026/dt33/AC078.pdf
https://www.elections.tn.gov.in/Form21E_TNLA2026/dt33/AC079.pdf
https://www.elections.tn.gov.in/Form21E_TNLA2026/dt33/AC080.pdf
https://www.elections.tn.gov.in/Form21E_TNLA2026/dt34/AC219.pdf
https://www.elections.tn.gov.in/Form21E_TNLA2026/dt34/AC220.pdf
https://www.elections.tn.gov.in/Form21E_TNLA2026/dt34/AC221.pdf
https://www.elections.tn.gov.in/Form21E_TNLA2026/dt34/AC222.pdf
https://www.elections.tn.gov.in/Form21E_TNLA2026/dt34/AC223.pdf
https://www.elections.tn.gov.in/Form21E_TNLA2026/dt35/AC027.pdf
https://www.elections.tn.gov.in/Form21E_TNLA2026/dt35/AC030.pdf
https://www.elections.tn.gov.in/Form21E_TNLA2026/dt35/AC031.pdf
https://www.elections.tn.gov.in/Form21E_TNLA2026/dt35/AC032.pdf
https://www.elections.tn.gov.in/Form21E_TNLA2026/dt35/AC033.pdf
https://www.elections.tn.gov.in/Form21E_TNLA2026/dt35/AC034.pdf
https://www.elections.tn.gov.in/Form21E_TNLA2026/dt35/AC035.pdf
https://www.elections.tn.gov.in/Form21E_TNLA2026/dt36/AC047.pdf
https://www.elections.tn.gov.in/Form21E_TNLA2026/dt36/AC048.pdf
https://www.elections.tn.gov.in/Form21E_TNLA2026/dt36/AC049.pdf
https://www.elections.tn.gov.in/Form21E_TNLA2026/dt36/AC050.pdf
https://www.elections.tn.gov.in/Form21E_TNLA2026/dt37/AC038.pdf
https://www.elections.tn.gov.in/Form21E_TNLA2026/dt37/AC039.pdf
https://www.elections.tn.gov.in/Form21E_TNLA2026/dt37/AC041.pdf
https://www.elections.tn.gov.in/Form21E_TNLA2026/dt37/AC042.pdf
https://www.elections.tn.gov.in/Form21E_TNLA2026/dt38/AC160.pdf
https://www.elections.tn.gov.in/Form21E_TNLA2026/dt38/AC161.pdf
https://www.elections.tn.gov.in/Form21E_TNLA2026/dt38/AC162.pdf
